// Jest Snapshot v1, https://goo.gl/fbAQLP

exports[`Test snapshot config gql 1`] = `
"\\"\\"\\" @model \\"\\"\\"
type Comment {
  id: ID!
  title: String!
  description: String!

  \\"\\"\\"@manyToOne(field: 'comments', key: 'noteId')\\"\\"\\"
  noteComment: Note!
  version: Int
}

type Mutation {
  likeNote(id: ID!): Note!
}

\\"\\"\\" @model \\"\\"\\"
type Note {
  id: ID!
  title: String!
  description: String!

  \\"\\"\\"@oneToMany(field: 'noteComment', key: 'noteId')\\"\\"\\"
  comments: [Comment]!
  version: Int
}

type Query {
  getLikedNotes(id: ID!, names: [String]!): Note!
  NoteDelta(lastSync: String!): [Note]!
  CommentDelta(lastSync: String!): [Comment]!
}
"
`;
