// Jest Snapshot v1, https://goo.gl/fbAQLP

exports[`Test plugin engine 1`] = `
Array [
  "\\"\\"\\"
@model(delete: false)
@versioned
@delta
\\"\\"\\"
type Note {
  id: ID!
  title: String!
  description: String!
  \\"\\"\\"@oneToMany(field: 'noteComment')\\"\\"\\"
  comment: [Comment]!
}",
  "\\"\\"\\"@model(create: false)\\"\\"\\"
type Comment {
  id: ID!
  title: String!
  description: String!
  noteComment: Note!
}",
]
`;
