// Jest Snapshot v1, https://goo.gl/fbAQLP

exports[`printSchema from GraphQL file 1`] = `
"\\"\\"\\"Exposes a URL that specifies the behaviour of this scalar.\\"\\"\\"
directive @specifiedBy(
  \\"\\"\\"The URL that specifies the behaviour of this scalar.\\"\\"\\"
  url: String!
) on SCALAR

input CreateUserInput {
  name: String
}

input IDInput {
  ne: ID
  eq: ID
  le: ID
  lt: ID
  ge: ID
  gt: ID
  in: [ID!]
}

input MutateUserInput {
  id: ID!
  name: String
}

type Mutation {
  createUser(input: CreateUserInput!): User
  updateUser(input: MutateUserInput!): User
  deleteUser(input: MutateUserInput!): User
}

input OrderByInput {
  field: String!
  order: SortDirectionEnum = ASC
}

input PageRequest {
  limit: Int
  offset: Int
}

type Query {
  getUser(id: ID!): User
  findUsers(filter: UserFilter, page: PageRequest, orderBy: OrderByInput): UserResultList!
}

enum SortDirectionEnum {
  DESC
  ASC
}

input StringInput {
  ne: String
  eq: String
  le: String
  lt: String
  ge: String
  gt: String
  in: [String!]
  contains: String
  startsWith: String
  endsWith: String
}

type Subscription {
  newUser(filter: UserSubscriptionFilter): User!
  updatedUser(filter: UserSubscriptionFilter): User!
  deletedUser(filter: UserSubscriptionFilter): User!
}

\\"\\"\\"@model\\"\\"\\"
type User {
  id: ID!
  name: String
}

input UserFilter {
  id: IDInput
  name: StringInput
  and: [UserFilter!]
  or: [UserFilter!]
  not: UserFilter
}

type UserResultList {
  items: [User]!
  offset: Int
  limit: Int
  count: Int
}

input UserSubscriptionFilter {
  and: [UserSubscriptionFilter!]
  or: [UserSubscriptionFilter!]
  not: UserSubscriptionFilter
  id: IDInput
  name: StringInput
}"
`;
