// Jest Snapshot v1, https://goo.gl/fbAQLP

exports[`sandbox 1`] = `
Array [
  Object {
    "annotations": Object {},
    "columnMap": Map {
      "id" => Object {
        "annotations": Object {},
        "args": Array [],
        "autoIncrementable": true,
        "comment": undefined,
        "defaultValue": undefined,
        "foreign": undefined,
        "isPrimaryKey": true,
        "name": "id",
        "nullable": false,
        "type": "increments",
      },
      "name" => Object {
        "annotations": Object {
          "length": 200,
        },
        "args": Array [
          200,
        ],
        "autoIncrementable": false,
        "comment": "Display name",
        "defaultValue": undefined,
        "foreign": undefined,
        "isPrimaryKey": false,
        "name": "name",
        "nullable": false,
        "type": "string",
      },
      "email" => Object {
        "annotations": Object {},
        "args": Array [
          255,
        ],
        "autoIncrementable": false,
        "comment": undefined,
        "defaultValue": undefined,
        "foreign": undefined,
        "isPrimaryKey": false,
        "name": "email",
        "nullable": false,
        "type": "string",
      },
      "score" => Object {
        "annotations": Object {},
        "args": Array [],
        "autoIncrementable": false,
        "comment": undefined,
        "defaultValue": undefined,
        "foreign": undefined,
        "isPrimaryKey": false,
        "name": "score",
        "nullable": true,
        "type": "integer",
      },
      "scores" => Object {
        "annotations": Object {
          "type": "json",
        },
        "args": Array [],
        "autoIncrementable": false,
        "comment": undefined,
        "defaultValue": undefined,
        "foreign": undefined,
        "isPrimaryKey": false,
        "name": "scores",
        "nullable": true,
        "type": "json",
      },
    },
    "columns": Array [
      Object {
        "annotations": Object {},
        "args": Array [],
        "autoIncrementable": true,
        "comment": undefined,
        "defaultValue": undefined,
        "foreign": undefined,
        "isPrimaryKey": true,
        "name": "id",
        "nullable": false,
        "type": "increments",
      },
      Object {
        "annotations": Object {
          "length": 200,
        },
        "args": Array [
          200,
        ],
        "autoIncrementable": false,
        "comment": "Display name",
        "defaultValue": undefined,
        "foreign": undefined,
        "isPrimaryKey": false,
        "name": "name",
        "nullable": false,
        "type": "string",
      },
      Object {
        "annotations": Object {},
        "args": Array [
          255,
        ],
        "autoIncrementable": false,
        "comment": undefined,
        "defaultValue": undefined,
        "foreign": undefined,
        "isPrimaryKey": false,
        "name": "email",
        "nullable": false,
        "type": "string",
      },
      Object {
        "annotations": Object {},
        "args": Array [],
        "autoIncrementable": false,
        "comment": undefined,
        "defaultValue": undefined,
        "foreign": undefined,
        "isPrimaryKey": false,
        "name": "score",
        "nullable": true,
        "type": "integer",
      },
      Object {
        "annotations": Object {
          "type": "json",
        },
        "args": Array [],
        "autoIncrementable": false,
        "comment": undefined,
        "defaultValue": undefined,
        "foreign": undefined,
        "isPrimaryKey": false,
        "name": "scores",
        "nullable": true,
        "type": "json",
      },
    ],
    "comment": "A user.",
    "indexes": Array [],
    "name": "user",
    "uniques": Array [],
  },
  Object {
    "annotations": Object {},
    "columnMap": Map {
      "id" => Object {
        "annotations": Object {},
        "args": Array [],
        "autoIncrementable": true,
        "comment": undefined,
        "defaultValue": undefined,
        "foreign": undefined,
        "isPrimaryKey": true,
        "name": "id",
        "nullable": false,
        "type": "increments",
      },
      "user" => Object {
        "annotations": Object {},
        "args": Array [],
        "autoIncrementable": false,
        "comment": undefined,
        "defaultValue": undefined,
        "foreign": Object {
          "columnName": "id",
          "field": "id",
          "tableName": "user",
          "type": "User",
        },
        "isPrimaryKey": false,
        "name": "userId",
        "nullable": false,
        "type": "integer",
      },
      "created" => Object {
        "annotations": Object {
          "type": "datetime",
        },
        "args": Array [
          undefined,
        ],
        "autoIncrementable": false,
        "comment": undefined,
        "defaultValue": undefined,
        "foreign": undefined,
        "isPrimaryKey": false,
        "name": "created",
        "nullable": false,
        "type": "datetime",
      },
      "title" => Object {
        "annotations": Object {},
        "args": Array [
          255,
        ],
        "autoIncrementable": false,
        "comment": undefined,
        "defaultValue": undefined,
        "foreign": undefined,
        "isPrimaryKey": false,
        "name": "title",
        "nullable": false,
        "type": "string",
      },
      "content" => Object {
        "annotations": Object {
          "type": "text",
        },
        "args": Array [],
        "autoIncrementable": false,
        "comment": undefined,
        "defaultValue": undefined,
        "foreign": undefined,
        "isPrimaryKey": false,
        "name": "content",
        "nullable": false,
        "type": "text",
      },
    },
    "columns": Array [
      Object {
        "annotations": Object {},
        "args": Array [],
        "autoIncrementable": true,
        "comment": undefined,
        "defaultValue": undefined,
        "foreign": undefined,
        "isPrimaryKey": true,
        "name": "id",
        "nullable": false,
        "type": "increments",
      },
      Object {
        "annotations": Object {},
        "args": Array [],
        "autoIncrementable": false,
        "comment": undefined,
        "defaultValue": undefined,
        "foreign": Object {
          "columnName": "id",
          "field": "id",
          "tableName": "user",
          "type": "User",
        },
        "isPrimaryKey": false,
        "name": "userId",
        "nullable": false,
        "type": "integer",
      },
      Object {
        "annotations": Object {
          "type": "datetime",
        },
        "args": Array [
          undefined,
        ],
        "autoIncrementable": false,
        "comment": undefined,
        "defaultValue": undefined,
        "foreign": undefined,
        "isPrimaryKey": false,
        "name": "created",
        "nullable": false,
        "type": "datetime",
      },
      Object {
        "annotations": Object {},
        "args": Array [
          255,
        ],
        "autoIncrementable": false,
        "comment": undefined,
        "defaultValue": undefined,
        "foreign": undefined,
        "isPrimaryKey": false,
        "name": "title",
        "nullable": false,
        "type": "string",
      },
      Object {
        "annotations": Object {
          "type": "text",
        },
        "args": Array [],
        "autoIncrementable": false,
        "comment": undefined,
        "defaultValue": undefined,
        "foreign": undefined,
        "isPrimaryKey": false,
        "name": "content",
        "nullable": false,
        "type": "text",
      },
    ],
    "comment": undefined,
    "indexes": Array [],
    "name": "message",
    "uniques": Array [],
  },
  Object {
    "annotations": Object {},
    "columnMap": Map {
      "usersId" => Object {
        "annotations": Object {},
        "args": Array [],
        "autoIncrementable": false,
        "comment": undefined,
        "defaultValue": undefined,
        "foreign": Object {
          "columnName": "id",
          "field": "id",
          "tableName": "message",
          "type": "Message",
        },
        "isPrimaryKey": false,
        "name": "usersId",
        "nullable": true,
        "type": "integer",
      },
      "sharedMessagesId" => Object {
        "annotations": Object {},
        "args": Array [],
        "autoIncrementable": false,
        "comment": undefined,
        "defaultValue": undefined,
        "foreign": Object {
          "columnName": "id",
          "field": "id",
          "tableName": "user",
          "type": "User",
        },
        "isPrimaryKey": false,
        "name": "sharedMessagesId",
        "nullable": true,
        "type": "integer",
      },
    },
    "columns": Array [
      Object {
        "annotations": Object {},
        "args": Array [],
        "autoIncrementable": false,
        "comment": undefined,
        "defaultValue": undefined,
        "foreign": Object {
          "columnName": "id",
          "field": "id",
          "tableName": "message",
          "type": "Message",
        },
        "isPrimaryKey": false,
        "name": "usersId",
        "nullable": true,
        "type": "integer",
      },
      Object {
        "annotations": Object {},
        "args": Array [],
        "autoIncrementable": false,
        "comment": undefined,
        "defaultValue": undefined,
        "foreign": Object {
          "columnName": "id",
          "field": "id",
          "tableName": "user",
          "type": "User",
        },
        "isPrimaryKey": false,
        "name": "sharedMessagesId",
        "nullable": true,
        "type": "integer",
      },
    ],
    "comment": "[Auto] Join table between User.sharedMessages and Message.users",
    "indexes": Array [
      Object {
        "columns": Array [
          "usersId",
        ],
        "name": "message_users_join_user_sharedmessages_usersId_index",
        "type": undefined,
      },
      Object {
        "columns": Array [
          "sharedMessagesId",
        ],
        "name": "message_users_join_user_sharedmessages_sharedMessagesId_index",
        "type": undefined,
      },
    ],
    "name": "message_users_join_user_sharedmessages",
    "uniques": Array [],
  },
  Object {
    "annotations": Object {},
    "columnMap": Map {
      "idId" => Object {
        "annotations": Object {},
        "args": Array [],
        "autoIncrementable": false,
        "comment": undefined,
        "defaultValue": undefined,
        "foreign": Object {
          "columnName": "id",
          "field": "id",
          "tableName": "user",
          "type": "User",
        },
        "isPrimaryKey": false,
        "name": "idId",
        "nullable": false,
        "type": "integer",
      },
      "idId_other" => Object {
        "annotations": Object {},
        "args": Array [],
        "autoIncrementable": false,
        "comment": undefined,
        "defaultValue": undefined,
        "foreign": Object {
          "columnName": "id",
          "field": "id",
          "tableName": "user",
          "type": "User",
        },
        "isPrimaryKey": false,
        "name": "idId_other",
        "nullable": false,
        "type": "integer",
      },
    },
    "columns": Array [
      Object {
        "annotations": Object {},
        "args": Array [],
        "autoIncrementable": false,
        "comment": undefined,
        "defaultValue": undefined,
        "foreign": Object {
          "columnName": "id",
          "field": "id",
          "tableName": "user",
          "type": "User",
        },
        "isPrimaryKey": false,
        "name": "idId",
        "nullable": false,
        "type": "integer",
      },
      Object {
        "annotations": Object {},
        "args": Array [],
        "autoIncrementable": false,
        "comment": undefined,
        "defaultValue": undefined,
        "foreign": Object {
          "columnName": "id",
          "field": "id",
          "tableName": "user",
          "type": "User",
        },
        "isPrimaryKey": false,
        "name": "idId_other",
        "nullable": false,
        "type": "integer",
      },
    ],
    "comment": "[Auto] Join table between User.contacts and User.contacts",
    "indexes": Array [
      Object {
        "columns": Array [
          "idId",
          "idId_other",
        ],
        "name": "user_contacts_join_user_contacts_idId_idId_other_index",
        "type": undefined,
      },
    ],
    "name": "user_contacts_join_user_contacts",
    "uniques": Array [],
  },
]
`;
