// Jest Snapshot v1, https://goo.gl/fbAQLP

exports[` 1`] = `
Object {
  "tableMap": Map {
    "Note" => Object {
      "annotations": Object {},
      "columnMap": Map {
        "id" => Object {
          "annotations": Object {},
          "args": Array [],
          "comment": undefined,
          "defaultValue": undefined,
          "foreign": undefined,
          "name": "id",
          "nullable": false,
          "type": "increments",
        },
        "title" => Object {
          "annotations": Object {},
          "args": Array [
            255,
          ],
          "comment": undefined,
          "defaultValue": undefined,
          "foreign": undefined,
          "name": "title",
          "nullable": false,
          "type": "string",
        },
        "description" => Object {
          "annotations": Object {},
          "args": Array [
            255,
          ],
          "comment": undefined,
          "defaultValue": undefined,
          "foreign": undefined,
          "name": "description",
          "nullable": true,
          "type": "string",
        },
      },
      "columns": Array [
        Object {
          "annotations": Object {},
          "args": Array [],
          "comment": undefined,
          "defaultValue": undefined,
          "foreign": undefined,
          "name": "id",
          "nullable": false,
          "type": "increments",
        },
        Object {
          "annotations": Object {},
          "args": Array [
            255,
          ],
          "comment": undefined,
          "defaultValue": undefined,
          "foreign": undefined,
          "name": "title",
          "nullable": false,
          "type": "string",
        },
        Object {
          "annotations": Object {},
          "args": Array [
            255,
          ],
          "comment": undefined,
          "defaultValue": undefined,
          "foreign": undefined,
          "name": "description",
          "nullable": true,
          "type": "string",
        },
      ],
      "comment": undefined,
      "indexes": Array [],
      "name": "note",
      "primaries": Array [
        Object {
          "columns": Array [
            "id",
          ],
          "name": "note_pkey",
        },
      ],
      "uniques": Array [],
    },
    "Comment" => Object {
      "annotations": Object {},
      "columnMap": Map {
        "id" => Object {
          "annotations": Object {},
          "args": Array [],
          "comment": undefined,
          "defaultValue": undefined,
          "foreign": undefined,
          "name": "id",
          "nullable": false,
          "type": "increments",
        },
        "text" => Object {
          "annotations": Object {},
          "args": Array [
            255,
          ],
          "comment": undefined,
          "defaultValue": undefined,
          "foreign": undefined,
          "name": "text",
          "nullable": true,
          "type": "string",
        },
        "description" => Object {
          "annotations": Object {},
          "args": Array [
            255,
          ],
          "comment": undefined,
          "defaultValue": undefined,
          "foreign": undefined,
          "name": "description",
          "nullable": true,
          "type": "string",
        },
        "metadata" => Object {
          "annotations": Object {},
          "args": Array [],
          "comment": undefined,
          "defaultValue": undefined,
          "foreign": Object {
            "columnName": "id",
            "field": "id",
            "tableName": "commentmetadata",
            "type": "CommentMetadata",
          },
          "name": "metadataId",
          "nullable": true,
          "type": "integer",
        },
        "note" => Object {
          "annotations": Object {},
          "args": Array [],
          "comment": undefined,
          "defaultValue": undefined,
          "foreign": Object {
            "columnName": "id",
            "field": "id",
            "tableName": "note",
            "type": "Note",
          },
          "name": "noteId",
          "nullable": true,
          "type": "integer",
        },
      },
      "columns": Array [
        Object {
          "annotations": Object {},
          "args": Array [],
          "comment": undefined,
          "defaultValue": undefined,
          "foreign": undefined,
          "name": "id",
          "nullable": false,
          "type": "increments",
        },
        Object {
          "annotations": Object {},
          "args": Array [
            255,
          ],
          "comment": undefined,
          "defaultValue": undefined,
          "foreign": undefined,
          "name": "text",
          "nullable": true,
          "type": "string",
        },
        Object {
          "annotations": Object {},
          "args": Array [
            255,
          ],
          "comment": undefined,
          "defaultValue": undefined,
          "foreign": undefined,
          "name": "description",
          "nullable": true,
          "type": "string",
        },
        Object {
          "annotations": Object {},
          "args": Array [],
          "comment": undefined,
          "defaultValue": undefined,
          "foreign": Object {
            "columnName": "id",
            "field": "id",
            "tableName": "commentmetadata",
            "type": "CommentMetadata",
          },
          "name": "metadataId",
          "nullable": true,
          "type": "integer",
        },
        Object {
          "annotations": Object {},
          "args": Array [],
          "comment": undefined,
          "defaultValue": undefined,
          "foreign": Object {
            "columnName": "id",
            "field": "id",
            "tableName": "note",
            "type": "Note",
          },
          "name": "noteId",
          "nullable": true,
          "type": "integer",
        },
      ],
      "comment": undefined,
      "indexes": Array [],
      "name": "comment",
      "primaries": Array [
        Object {
          "columns": Array [
            "id",
          ],
          "name": "comment_pkey",
        },
      ],
      "uniques": Array [],
    },
    "CommentMetadata" => Object {
      "annotations": Object {},
      "columnMap": Map {
        "id" => Object {
          "annotations": Object {},
          "args": Array [],
          "comment": undefined,
          "defaultValue": undefined,
          "foreign": undefined,
          "name": "id",
          "nullable": false,
          "type": "increments",
        },
        "opened" => Object {
          "annotations": Object {},
          "args": Array [],
          "comment": undefined,
          "defaultValue": undefined,
          "foreign": undefined,
          "name": "opened",
          "nullable": true,
          "type": "boolean",
        },
      },
      "columns": Array [
        Object {
          "annotations": Object {},
          "args": Array [],
          "comment": undefined,
          "defaultValue": undefined,
          "foreign": undefined,
          "name": "id",
          "nullable": false,
          "type": "increments",
        },
        Object {
          "annotations": Object {},
          "args": Array [],
          "comment": undefined,
          "defaultValue": undefined,
          "foreign": undefined,
          "name": "opened",
          "nullable": true,
          "type": "boolean",
        },
      ],
      "comment": undefined,
      "indexes": Array [],
      "name": "commentmetadata",
      "primaries": Array [
        Object {
          "columns": Array [
            "id",
          ],
          "name": "commentmetadata_pkey",
        },
      ],
      "uniques": Array [],
    },
  },
  "tables": Array [
    Object {
      "annotations": Object {},
      "columnMap": Map {
        "id" => Object {
          "annotations": Object {},
          "args": Array [],
          "comment": undefined,
          "defaultValue": undefined,
          "foreign": undefined,
          "name": "id",
          "nullable": false,
          "type": "increments",
        },
        "title" => Object {
          "annotations": Object {},
          "args": Array [
            255,
          ],
          "comment": undefined,
          "defaultValue": undefined,
          "foreign": undefined,
          "name": "title",
          "nullable": false,
          "type": "string",
        },
        "description" => Object {
          "annotations": Object {},
          "args": Array [
            255,
          ],
          "comment": undefined,
          "defaultValue": undefined,
          "foreign": undefined,
          "name": "description",
          "nullable": true,
          "type": "string",
        },
      },
      "columns": Array [
        Object {
          "annotations": Object {},
          "args": Array [],
          "comment": undefined,
          "defaultValue": undefined,
          "foreign": undefined,
          "name": "id",
          "nullable": false,
          "type": "increments",
        },
        Object {
          "annotations": Object {},
          "args": Array [
            255,
          ],
          "comment": undefined,
          "defaultValue": undefined,
          "foreign": undefined,
          "name": "title",
          "nullable": false,
          "type": "string",
        },
        Object {
          "annotations": Object {},
          "args": Array [
            255,
          ],
          "comment": undefined,
          "defaultValue": undefined,
          "foreign": undefined,
          "name": "description",
          "nullable": true,
          "type": "string",
        },
      ],
      "comment": undefined,
      "indexes": Array [],
      "name": "note",
      "primaries": Array [
        Object {
          "columns": Array [
            "id",
          ],
          "name": "note_pkey",
        },
      ],
      "uniques": Array [],
    },
    Object {
      "annotations": Object {},
      "columnMap": Map {
        "id" => Object {
          "annotations": Object {},
          "args": Array [],
          "comment": undefined,
          "defaultValue": undefined,
          "foreign": undefined,
          "name": "id",
          "nullable": false,
          "type": "increments",
        },
        "text" => Object {
          "annotations": Object {},
          "args": Array [
            255,
          ],
          "comment": undefined,
          "defaultValue": undefined,
          "foreign": undefined,
          "name": "text",
          "nullable": true,
          "type": "string",
        },
        "description" => Object {
          "annotations": Object {},
          "args": Array [
            255,
          ],
          "comment": undefined,
          "defaultValue": undefined,
          "foreign": undefined,
          "name": "description",
          "nullable": true,
          "type": "string",
        },
        "metadata" => Object {
          "annotations": Object {},
          "args": Array [],
          "comment": undefined,
          "defaultValue": undefined,
          "foreign": Object {
            "columnName": "id",
            "field": "id",
            "tableName": "commentmetadata",
            "type": "CommentMetadata",
          },
          "name": "metadataId",
          "nullable": true,
          "type": "integer",
        },
        "note" => Object {
          "annotations": Object {},
          "args": Array [],
          "comment": undefined,
          "defaultValue": undefined,
          "foreign": Object {
            "columnName": "id",
            "field": "id",
            "tableName": "note",
            "type": "Note",
          },
          "name": "noteId",
          "nullable": true,
          "type": "integer",
        },
      },
      "columns": Array [
        Object {
          "annotations": Object {},
          "args": Array [],
          "comment": undefined,
          "defaultValue": undefined,
          "foreign": undefined,
          "name": "id",
          "nullable": false,
          "type": "increments",
        },
        Object {
          "annotations": Object {},
          "args": Array [
            255,
          ],
          "comment": undefined,
          "defaultValue": undefined,
          "foreign": undefined,
          "name": "text",
          "nullable": true,
          "type": "string",
        },
        Object {
          "annotations": Object {},
          "args": Array [
            255,
          ],
          "comment": undefined,
          "defaultValue": undefined,
          "foreign": undefined,
          "name": "description",
          "nullable": true,
          "type": "string",
        },
        Object {
          "annotations": Object {},
          "args": Array [],
          "comment": undefined,
          "defaultValue": undefined,
          "foreign": Object {
            "columnName": "id",
            "field": "id",
            "tableName": "commentmetadata",
            "type": "CommentMetadata",
          },
          "name": "metadataId",
          "nullable": true,
          "type": "integer",
        },
        Object {
          "annotations": Object {},
          "args": Array [],
          "comment": undefined,
          "defaultValue": undefined,
          "foreign": Object {
            "columnName": "id",
            "field": "id",
            "tableName": "note",
            "type": "Note",
          },
          "name": "noteId",
          "nullable": true,
          "type": "integer",
        },
      ],
      "comment": undefined,
      "indexes": Array [],
      "name": "comment",
      "primaries": Array [
        Object {
          "columns": Array [
            "id",
          ],
          "name": "comment_pkey",
        },
      ],
      "uniques": Array [],
    },
    Object {
      "annotations": Object {},
      "columnMap": Map {
        "id" => Object {
          "annotations": Object {},
          "args": Array [],
          "comment": undefined,
          "defaultValue": undefined,
          "foreign": undefined,
          "name": "id",
          "nullable": false,
          "type": "increments",
        },
        "opened" => Object {
          "annotations": Object {},
          "args": Array [],
          "comment": undefined,
          "defaultValue": undefined,
          "foreign": undefined,
          "name": "opened",
          "nullable": true,
          "type": "boolean",
        },
      },
      "columns": Array [
        Object {
          "annotations": Object {},
          "args": Array [],
          "comment": undefined,
          "defaultValue": undefined,
          "foreign": undefined,
          "name": "id",
          "nullable": false,
          "type": "increments",
        },
        Object {
          "annotations": Object {},
          "args": Array [],
          "comment": undefined,
          "defaultValue": undefined,
          "foreign": undefined,
          "name": "opened",
          "nullable": true,
          "type": "boolean",
        },
      ],
      "comment": undefined,
      "indexes": Array [],
      "name": "commentmetadata",
      "primaries": Array [
        Object {
          "columns": Array [
            "id",
          ],
          "name": "commentmetadata_pkey",
        },
      ],
      "uniques": Array [],
    },
  ],
}
`;
